src/App.tsx(11,31): error TS2307: Cannot find module '@clerk/react' or its corresponding type declarations.
src/App.tsx(979,66): error TS2698: Spread types may only be created from object types.
src/App.tsx(1034,66): error TS2698: Spread types may only be created from object types.
src/App.tsx(1083,66): error TS2698: Spread types may only be created from object types.
src/App.tsx(1132,66): error TS2698: Spread types may only be created from object types.
src/App.tsx(1791,34): error TS2345: Argument of type 'unknown' is not assignable to parameter of type 'SetStateAction<any[]>'.
src/App.tsx(1898,19): error TS2339: Property 'isWaveformVisible' does not exist on type 'AppSettings'.
src/App.tsx(1899,19): error TS2339: Property 'activeWaveformChannel' does not exist on type 'AppSettings'.
src/App.tsx(1900,19): error TS2339: Property 'waveformHeight' does not exist on type 'AppSettings'.
src/App.tsx(1904,9): error TS2353: Object literal may only specify known properties, and 'isWaveformVisible' does not exist in type 'AppSettings'.
src/App.tsx(2000,32): error TS2345: Argument of type 'unknown' is not assignable to parameter of type 'SetStateAction<any[]>'.
src/App.tsx(2032,30): error TS2345: Argument of type 'unknown' is not assignable to parameter of type 'SetStateAction<any[]>'.
src/App.tsx(2320,44): error TS2322: Type '{ currentFolderPath: string | null; expandedFolders: string[]; }' is not assignable to type '{ currentFolderPath?: string | undefined; expandedFolders?: string[] | undefined; }'.
  Types of property 'currentFolderPath' are incompatible.
    Type 'string | null' is not assignable to type 'string | undefined'.
      Type 'null' is not assignable to type 'string | undefined'.
src/App.tsx(2404,22): error TS2345: Argument of type 'unknown' is not assignable to parameter of type 'SetStateAction<ChannelConfig | null>'.
src/App.tsx(2456,9): error TS2322: Type 'null' is not assignable to type 'Record<string, unknown> | undefined'.
src/App.tsx(2630,15): error TS2339: Property 'mode' does not exist on type 'CopyPasteSettings | undefined'.
src/App.tsx(2630,21): error TS2339: Property 'includedAdjustments' does not exist on type 'CopyPasteSettings | undefined'.
src/App.tsx(3540,30): error TS2345: Argument of type '{ isOpen: true; progress: { current: number; total: any; stage: string; }; suggestions: null; error: null; }' is not assignable to parameter of type 'SetStateAction<CullingModalState>'.
  Property 'pathsToCull' is missing in type '{ isOpen: true; progress: { current: number; total: any; stage: string; }; suggestions: null; error: null; }' but required in type 'CullingModalState'.
src/App.tsx(3791,68): error TS2322: Type 'null' is not assignable to type '{ currentFolderPath?: string | undefined; expandedFolders?: string[] | undefined; } | undefined'.
src/App.tsx(4069,46): error TS2552: Cannot find name 'ImportSettings'. Did you mean 'PhotoSettings'?
src/App.tsx(4265,32): error TS2739: Type 'SelectedImage' is missing the following properties from type 'ImageFile': is_edited, modified, rating, tags, is_virtual_copy
src/App.tsx(5095,14): error TS2739: Type '{ activeAiPatchContainerId: string | null; activeAiSubMaskId: string | null; activeMaskContainerId: string | null; activeMaskId: string | null; activeRightPanel: Panel | null; ... 44 more ...; isInstantTransition: boolean; }' is missing the following properties from type 'EditorProps': isWaveformVisible, onCloseWaveform, onToggleWaveform, waveform
src/App.tsx(5250,29): error TS2322: Type '{ adjustments: Adjustments; collapsibleState: CollapsibleSectionsState; copiedSectionAdjustments: any; handleAutoAdjustments: () => Promise<void>; ... 17 more ...; setWaveformHeight: Dispatch<...>; }' is not assignable to type 'IntrinsicAttributes & ControlsProps'.
  Property 'isWaveformVisible' does not exist on type 'IntrinsicAttributes & ControlsProps'.
src/components/panel/right/AIPanel.tsx(260,83): error TS2345: Argument of type 'Mask | null' is not assignable to parameter of type 'Mask'.
  Type 'null' is not assignable to type 'Mask'.
src/components/panel/right/AIPanel.tsx(449,49): error TS2345: Argument of type 'Mask | null' is not assignable to parameter of type 'Mask'.
  Type 'null' is not assignable to type 'Mask'.
src/components/panel/right/AIPanel.tsx(451,39): error TS2345: Argument of type 'Mask | null' is not assignable to parameter of type 'Mask'.
  Type 'null' is not assignable to type 'Mask'.
src/components/panel/right/AIPanel.tsx(613,48): error TS2345: Argument of type 'Mask | null' is not assignable to parameter of type 'Mask'.
  Type 'null' is not assignable to type 'Mask'.
src/components/panel/right/AIPanel.tsx(799,68): error TS2345: Argument of type 'Mask | null' is not assignable to parameter of type 'Mask'.
  Type 'null' is not assignable to type 'Mask'.
src/components/panel/right/AIPanel.tsx(938,46): error TS2538: Type 'null' cannot be used as an index type.
src/components/panel/right/Masks.tsx(73,53): error TS2345: Argument of type 'import("/Users/qiaopeng/Desktop/owner/QRaw/src/components/panel/right/Masks").Mask | null' is not assignable to parameter of type 'string'.
  Type 'null' is not assignable to type 'string'.
src/components/panel/right/MasksPanel.tsx(565,97): error TS2345: Argument of type 'Mask | null' is not assignable to parameter of type 'Mask'.
  Type 'null' is not assignable to type 'Mask'.
src/components/panel/right/MasksPanel.tsx(777,38): error TS2345: Argument of type 'Mask | null' is not assignable to parameter of type 'Mask'.
  Type 'null' is not assignable to type 'Mask'.
src/components/panel/right/MasksPanel.tsx(778,43): error TS2345: Argument of type 'Mask | null' is not assignable to parameter of type 'Mask'.
  Type 'null' is not assignable to type 'Mask'.
src/components/panel/right/MasksPanel.tsx(795,49): error TS2345: Argument of type 'Mask | null' is not assignable to parameter of type 'Mask'.
  Type 'null' is not assignable to type 'Mask'.
src/components/panel/right/MasksPanel.tsx(797,36): error TS2345: Argument of type 'Mask | null' is not assignable to parameter of type 'Mask'.
  Type 'null' is not assignable to type 'Mask'.
src/components/panel/right/MasksPanel.tsx(816,49): error TS2345: Argument of type 'Mask | null' is not assignable to parameter of type 'Mask'.
  Type 'null' is not assignable to type 'Mask'.
src/components/panel/right/MasksPanel.tsx(818,36): error TS2345: Argument of type 'Mask | null' is not assignable to parameter of type 'Mask'.
  Type 'null' is not assignable to type 'Mask'.
src/components/panel/right/MasksPanel.tsx(1123,45): error TS2345: Argument of type 'Mask | null' is not assignable to parameter of type 'Mask'.
  Type 'null' is not assignable to type 'Mask'.
src/components/panel/right/MasksPanel.tsx(1178,19): error TS2322: Type '{ waveformData: WaveformData; histogram: any; displayMode: string; setDisplayMode: (mode: string) => void; showClipping: boolean; onToggleClipping: () => void; }' is not assignable to type 'IntrinsicAttributes & WaveformProps'.
  Property 'histogram' does not exist on type 'IntrinsicAttributes & WaveformProps'.
src/components/panel/right/MasksPanel.tsx(1213,93): error TS2345: Argument of type 'Mask | null' is not assignable to parameter of type 'Mask'.
  Type 'null' is not assignable to type 'Mask'.
src/components/panel/right/MasksPanel.tsx(1369,46): error TS2538: Type 'null' cannot be used as an index type.
src/components/panel/right/MasksPanel.tsx(1794,20): error TS7053: Element implicitly has an 'any' type because expression of type 'any' can't be used to index type 'Record<Mask, any>'.
src/components/panel/right/MasksPanel.tsx(2068,41): error TS7053: Element implicitly has an 'any' type because expression of type 'any' can't be used to index type 'Record<Mask, any>'.
